/workspace/venv/lib/python3.11/site-packages/stable_baselines3/common/save_util.py:437: FutureWarning: You are using `torch.load` with `weights_only=False` (the current default value), which uses the default pickle module implicitly. It is possible to construct malicious pickle data which will execute arbitrary code during unpickling (See https://github.com/pytorch/pytorch/blob/main/SECURITY.md#untrusted-models for more details). In a future release, the default value for `weights_only` will be flipped to `True`. This limits the functions that could be executed during unpickling. Arbitrary objects will no longer be allowed to be loaded via this mode unless they are explicitly allowlisted by the user via `torch.serialization.add_safe_globals`. We recommend you start setting `weights_only=True` for any use case where you don't have full control of the loaded file. Please open an issue on GitHub for any issues related to this experimental feature.
  th_object = th.load(file_content, map_location=device)
/workspace/venv/lib/python3.11/site-packages/stable_baselines3/common/save_util.py:437: FutureWarning: You are using `torch.load` with `weights_only=False` (the current default value), which uses the default pickle module implicitly. It is possible to construct malicious pickle data which will execute arbitrary code during unpickling (See https://github.com/pytorch/pytorch/blob/main/SECURITY.md#untrusted-models for more details). In a future release, the default value for `weights_only` will be flipped to `True`. This limits the functions that could be executed during unpickling. Arbitrary objects will no longer be allowed to be loaded via this mode unless they are explicitly allowlisted by the user via `torch.serialization.add_safe_globals`. We recommend you start setting `weights_only=True` for any use case where you don't have full control of the loaded file. Please open an issue on GitHub for any issues related to this experimental feature.
  th_object = th.load(file_content, map_location=device)
/workspace/venv/lib/python3.11/site-packages/stable_baselines3/common/save_util.py:166: UserWarning: Could not deserialize object lr_schedule. Consider using `custom_objects` argument to replace this object.
Exception: code() argument 13 must be str, not int
  warnings.warn(
/workspace/venv/lib/python3.11/site-packages/stable_baselines3/common/save_util.py:166: UserWarning: Could not deserialize object clip_range. Consider using `custom_objects` argument to replace this object.
Exception: code() argument 13 must be str, not int
  warnings.warn(
Loading agents...
Agents loaded.


-- SPN_1ADV (native, full 400 steps) (n=30) --
  phase1 [0,100) mean reward : 20.67
  phase2 [100,400) mean reward: 93.33
  total mean reward             : 114.00

-- PWADV_advonly (fresh-start, full 400 steps) (n=30) --
  phase1 [0,100) mean reward : 12.67
  phase2 [100,400) mean reward: 100.00
  total mean reward             : 112.67

-- Adaptive (SP->advonly at t=100, both team members switch together) (n=30) --
  phase1 [0,100) mean reward : 0.00
  phase2 [100,400) mean reward: 105.33
  total mean reward             : 105.33
