/workspace/venv/lib/python3.11/site-packages/stable_baselines3/common/save_util.py:166: UserWarning: Could not deserialize object lr_schedule. Consider using `custom_objects` argument to replace this object.
Exception: code() argument 13 must be str, not int
  warnings.warn(
/workspace/venv/lib/python3.11/site-packages/stable_baselines3/common/save_util.py:166: UserWarning: Could not deserialize object clip_range. Consider using `custom_objects` argument to replace this object.
Exception: code() argument 13 must be str, not int
  warnings.warn(
/workspace/venv/lib/python3.11/site-packages/stable_baselines3/common/save_util.py:437: FutureWarning: You are using `torch.load` with `weights_only=False` (the current default value), which uses the default pickle module implicitly. It is possible to construct malicious pickle data which will execute arbitrary code during unpickling (See https://github.com/pytorch/pytorch/blob/main/SECURITY.md#untrusted-models for more details). In a future release, the default value for `weights_only` will be flipped to `True`. This limits the functions that could be executed during unpickling. Arbitrary objects will no longer be allowed to be loaded via this mode unless they are explicitly allowlisted by the user via `torch.serialization.add_safe_globals`. We recommend you start setting `weights_only=True` for any use case where you don't have full control of the loaded file. Please open an issue on GitHub for any issues related to this experimental feature.
  th_object = th.load(file_content, map_location=device)
/workspace/venv/lib/python3.11/site-packages/stable_baselines3/common/save_util.py:437: FutureWarning: You are using `torch.load` with `weights_only=False` (the current default value), which uses the default pickle module implicitly. It is possible to construct malicious pickle data which will execute arbitrary code during unpickling (See https://github.com/pytorch/pytorch/blob/main/SECURITY.md#untrusted-models for more details). In a future release, the default value for `weights_only` will be flipped to `True`. This limits the functions that could be executed during unpickling. Arbitrary objects will no longer be allowed to be loaded via this mode unless they are explicitly allowlisted by the user via `torch.serialization.add_safe_globals`. We recommend you start setting `weights_only=True` for any use case where you don't have full control of the loaded file. Please open an issue on GitHub for any issues related to this experimental feature.
  th_object = th.load(file_content, map_location=device)
/workspace/scripts/render_nrm5_adv5.py:44: FutureWarning: You are using `torch.load` with `weights_only=False` (the current default value), which uses the default pickle module implicitly. It is possible to construct malicious pickle data which will execute arbitrary code during unpickling (See https://github.com/pytorch/pytorch/blob/main/SECURITY.md#untrusted-models for more details). In a future release, the default value for `weights_only` will be flipped to `True`. This limits the functions that could be executed during unpickling. Arbitrary objects will no longer be allowed to be loaded via this mode unless they are explicitly allowlisted by the user via `torch.serialization.add_safe_globals`. We recommend you start setting `weights_only=True` for any use case where you don't have full control of the loaded file. Please open an issue on GitHub for any issues related to this experimental feature.
  classifier.load_state_dict(torch.load(ev.CLASSIFIER_PATH, map_location=device))
/workspace/venv/lib/python3.11/site-packages/stable_baselines3/common/save_util.py:166: UserWarning: Could not deserialize object lr_schedule. Consider using `custom_objects` argument to replace this object.
Exception: code() argument 13 must be str, not int
  warnings.warn(
/workspace/venv/lib/python3.11/site-packages/stable_baselines3/common/save_util.py:166: UserWarning: Could not deserialize object clip_range. Consider using `custom_objects` argument to replace this object.
Exception: code() argument 13 must be str, not int
  warnings.warn(
pygame 2.6.1 (SDL 2.28.4, Python 3.11.10)
Hello from the pygame community. https://www.pygame.org/contribute.html
Loading agents...
Loaded classifier from /workspace/team_type_classifier_runs_ep50/attempt_1/model.pt (switch_step=50)


=========================================================
  Agent : SP
  Team  : SP_clone x 2  (1 may become ADV p=0.5)
  Using fixed episode plan (5/10 adversarial)
=========================================================
  ep   1 [NRM]  reward= 240.0 🎬
  ep   2 [NRM]  reward= 240.0 🎬
  ep   3 [NRM]  reward= 220.0 🎬
  ep   4 [NRM]  reward= 240.0 🎬
  ep   5 [NRM]  reward= 240.0 🎬
  ep   6 [ADV]  reward=  40.0 🎬
  ep   7 [ADV]  reward=  20.0 🎬
  ep   8 [ADV]  reward=  20.0 🎬
  ep   9 [ADV]  reward=  60.0 🎬
  ep  10 [ADV]  reward=  20.0 🎬

  -- SP --
  Overall        : 134.00 +- 102.78  (n=10)
  Normal team    : 236.00  (n=5)
  Adversary team : 32.00  (n=5)
  Robustness     : 13.6%  |  zero-reward: 0 / 5
  GIFs saved     : 10  ->  /workspace/eval_results/gifs_nrm5_adv5/SP/

=========================================================
  Agent : SPN_1ADV
  Team  : SPN_1ADV_clone x 2  (1 may become ADV p=0.5)
  Using fixed episode plan (5/10 adversarial)
=========================================================
  ep   1 [NRM]  reward= 240.0 🎬
  ep   2 [NRM]  reward= 240.0 🎬
  ep   3 [NRM]  reward= 240.0 🎬
  ep   4 [NRM]  reward= 200.0 🎬
  ep   5 [NRM]  reward= 240.0 🎬
  ep   6 [ADV]  reward= 100.0 🎬
  ep   7 [ADV]  reward= 100.0 🎬
  ep   8 [ADV]  reward= 100.0 🎬
  ep   9 [ADV]  reward= 120.0 🎬
  ep  10 [ADV]  reward= 120.0 🎬

  -- SPN_1ADV --
  Overall        : 170.00 +- 63.40  (n=10)
  Normal team    : 232.00  (n=5)
  Adversary team : 108.00  (n=5)
  Robustness     : 46.6%  |  zero-reward: 0 / 5
  GIFs saved     : 10  ->  /workspace/eval_results/gifs_nrm5_adv5/SPN_1ADV/

=========================================================
  Agent : PWADV_advonly
  Team  : PWADV_advonly_clone x 2  (1 may become ADV p=0.5)
  Using fixed episode plan (5/10 adversarial)
=========================================================
  ep   1 [NRM]  reward= 240.0 🎬
  ep   2 [NRM]  reward= 180.0 🎬
  ep   3 [NRM]  reward= 240.0 🎬
  ep   4 [NRM]  reward= 240.0 🎬
  ep   5 [NRM]  reward= 220.0 🎬
  ep   6 [ADV]  reward= 140.0 🎬
  ep   7 [ADV]  reward= 140.0 🎬
  ep   8 [ADV]  reward= 100.0 🎬
  ep   9 [ADV]  reward= 140.0 🎬
  ep  10 [ADV]  reward= 160.0 🎬

  -- PWADV_advonly --
  Overall        : 180.00 +- 48.99  (n=10)
  Normal team    : 224.00  (n=5)
  Adversary team : 136.00  (n=5)
  Robustness     : 60.7%  |  zero-reward: 0 / 5
  GIFs saved     : 10  ->  /workspace/eval_results/gifs_nrm5_adv5/PWADV_advonly/

=========================================================
  Agent : Adaptive
  Team  : Adaptive_clone x 2  (1 may become ADV p=0.5)
  Using fixed episode plan (5/10 adversarial)
=========================================================
  ep   1 [NRM]  reward= 240.0  pred=SP 🎬
  ep   2 [NRM]  reward= 240.0  pred=SP 🎬
  ep   3 [NRM]  reward= 220.0  pred=SP 🎬
  ep   4 [NRM]  reward= 240.0  pred=SP 🎬
  ep   5 [NRM]  reward= 240.0  pred=SP 🎬
  ep   6 [ADV]  reward=  60.0  pred=SPADV 🎬
  ep   7 [ADV]  reward=  80.0  pred=SPADV 🎬
  ep   8 [ADV]  reward=  80.0  pred=SPADV 🎬
  ep   9 [ADV]  reward=  60.0  pred=SPADV 🎬
  ep  10 [ADV]  reward=  80.0  pred=SPADV 🎬

  -- Adaptive --
  Overall        : 154.00 +- 82.49  (n=10)
  Normal team    : 236.00  (n=5)
  Adversary team : 72.00  (n=5)
  Robustness     : 30.5%  |  zero-reward: 0 / 5
  GIFs saved     : 10  ->  /workspace/eval_results/gifs_nrm5_adv5/Adaptive/
  Classifier acc  : 10/10 (100.0%) during these episodes

All GIFs saved under /workspace/eval_results/gifs_nrm5_adv5/<condition>/ (5 NRM + 5 ADV each)
